[1/76] UK Peptides: live=true COA=certificate of analys RUO(home)=research use only reviews=trustpilot shipping=tracked contact=contact sec[pages=4 ship=tracked cont=contact ruo=research use only coa=certificate of analys] — "buy research peptides online | uk supplier| ukpeptides"
[2/76] Pure Peptides UK: live=true COA=certificate of analys RUO(home)=research use only reviews=trustpilot shipping=tracking contact=contact productRUO=laboratory research productCOA=coa sec[pages=1 ship=tracked cont=contact ruo=research use only coa=certificate of analys] — "peptides | pure peptides uk"
[3/76] Sterling Peptides: live=false COA=✗ RUO(home)=✗ reviews=✗ shipping=✗ contact=✗
[4/76] Research Peptides UK: live=true COA=coa RUO(home)=research use only reviews=trustpilot shipping=tracked contact=contact productRUO=research use only productCOA=✗ sec[pages=0 ship=✗ cont=✗ ruo=✗ coa=✗] — "buy research peptides uk - 99% pure british peptides"
[5/76] Imperial Peptides UK: live=true COA=certificate of analys RUO(home)=research use only reviews=reviews.io shipping=tracked contact=contact productRUO=✗ productCOA=✗ sec[pages=5 ship=tracked cont=contact ruo=research use only coa=certificate of analys] — " high-purity research peptides uk | imperial peptides uk "
[6/76] Tide Labs: live=true COA=hplc RUO(home)=research use only reviews=✗ shipping=tracked contact=contact productRUO=✗ productCOA=✗ sec[pages=0 ship=✗ cont=✗ ruo=✗ coa=✗] — " research peptides uk | hplc verified | tide labs &ndash; tide labs "
[7/76] Express Peptides: live=true COA=✗ RUO(home)=research use only reviews=✗ shipping=next-day contact=contact productRUO=✗ productCOA=✗ sec[pages=3 ship=✗ cont=contact ruo=research use only coa=✗] — "express peptides | uk sourced, lab tested peptides"
[8/76] Dr P Research: live=true COA=hplc RUO(home)=research use only reviews=✗ shipping=tracked contact=contact productRUO=research use only productCOA=coa sec[pages=4 ship=tracked cont=contact ruo=research use only coa=coa] — "dr p research &#8211; dr p research | laboratory research materials uk"
[9/76] The Peptide Company: live=true COA=lab report RUO(home)=research use only reviews=trustpilot shipping=tracked contact=contact productRUO=research use only productCOA=lab report sec[pages=5 ship=tracking cont=contact ruo=research use only coa=lab report] — "home - shop premium research peptides in the uk, including retatrutide, semaglutide, tesamorelin, bpc-157, ipamorelin, ghk-cu and more. fast uk dispatch, secure checkout and research-use-only products."
[10/76] Research Peptides: live=true COA=coa RUO(home)=research use only reviews=trustpilot shipping=tracking contact=contact productRUO=research use only productCOA=✗ sec[pages=2 ship=dpd cont=contact ruo=research use only coa=✗] — "uk peptides supplier | research peptides | peptides wholesale"
[11/76] Raccoon Peptides: live=true COA=coa RUO(home)=in vitro reviews=✗ shipping=tracking contact=contact productRUO=✗ productCOA=✗ sec[pages=4 ship=tracking cont=contact ruo=in vitro coa=coa] — "raccoon peptides :: premium peptides at quality prices"
[12/76] Kensington Labs UK: live=true COA=coa RUO(home)=in vitro reviews=trustpilot shipping=tracking contact=contact productRUO=in vitro productCOA=coa sec[pages=1 ship=✗ cont=✗ ruo=✗ coa=✗] — " kensington labs - the home of the best peptides in the uk "
[13/76] Peptides Lab UK: live=true COA=certificate of analys RUO(home)=research use only reviews=✗ shipping=dpd contact=contact productRUO=for research purposes productCOA=coa sec[pages=2 ship=tracking cont=contact ruo=for research purposes coa=coa] — "buy research peptides uk — hplc-verified | peptides lab uk - peptides lab uk"
[14/76] Biohack Peptides: live=true COA=certificate of analys RUO(home)=research use only reviews=trustpilot shipping=tracking contact=contact productRUO=✗ productCOA=coa sec[pages=3 ship=tracked cont=contact ruo=for research purposes coa=certificate of analys] — "biohack peptides"
[15/76] Brit Peptides: live=false COA=✗ RUO(home)=✗ reviews=✗ shipping=✗ contact=✗ sec[pages=7 ship=✗ cont=✗ ruo=✗ coa=✗]
[16/76] New Wave Peptides: live=true COA=certificate of analys RUO(home)=research use only reviews=✗ shipping=tracking contact=contact sec[pages=4 ship=tracking cont=contact ruo=research use only coa=janoshik] — "new wave peptides | home for high quality peptides 99%+ purity"
[17/76] Bluewell Peptides: live=true COA=certificate of analys RUO(home)=research use only reviews=trustpilot shipping=tracked contact=contact productRUO=research use only productCOA=coa sec[pages=5 ship=tracked cont=contact ruo=research use only coa=certificate of analys] — "bluewell peptides | high-purity, coa-verified research peptides uk"
[18/76] Anglo Peptides: live=true COA=coa RUO(home)=research use only reviews=✗ shipping=dpd contact=contact productRUO=for research purposes productCOA=coa sec[pages=4 ship=tracking cont=contact ruo=for research purposes coa=coa] — "anglo peptides | research grade peptide compounds"
[19/76] CMSR Labs: live=true COA=✗ RUO(home)=✗ reviews=reviews.io shipping=tracking contact=email productRUO=✗ productCOA=✗ sec[pages=0 ship=✗ cont=✗ ruo=✗ coa=✗] — "access site &#8211; cmsr labs"
[20/76] Proforma Peptides: live=true COA=✗ RUO(home)=research use only reviews=trustpilot shipping=tracked contact=contact productRUO=✗ productCOA=✗ sec[pages=2 ship=tracked cont=contact ruo=research use only coa=✗] — "&quot;official website&quot; &#8211; proforma peptides uk &#8211; &quot;official&quot; proforma peptides website &#8211; providing premium peptides for research and development in uk"
[21/76] XL Peptides: live=true COA=coa RUO(home)=research use only reviews=✗ shipping=tracking contact=contact productRUO=research use only productCOA=coa sec[pages=4 ship=tracking cont=contact ruo=research use only coa=certificate of analys] — "xl peptides | research peptides uk – bpc-157, tb-500, ghk-cu"
[22/76] Chroma Peptides: live=false COA=✗ RUO(home)=✗ reviews=✗ shipping=✗ contact=✗
[23/76] Peptides UK: live=true COA=coa RUO(home)=research use only reviews=✗ shipping=tracking contact=contact productRUO=research use only productCOA=coa sec[pages=4 ship=tracking cont=contact ruo=research use only coa=coa] — "buy research peptides uk | high-purity, cgmp certified"
[24/76] My Peptides: live=true COA=certificate of analys RUO(home)=research use only reviews=✗ shipping=tracked contact=contact productRUO=research use only productCOA=certificate of analys sec[pages=7 ship=tracking cont=contact ruo=laboratory use coa=certificate of analys] — "buy research peptides uk — pre-mixed vials | my peptides"
[25/76] Eva Peptide UK: live=true COA=lab report RUO(home)=✗ reviews=✗ shipping=tracking contact=contact productRUO=laboratory use productCOA=✗ sec[pages=4 ship=tracking cont=contact ruo=laboratory use coa=coa] — "buy peptides uk | premium research peptides uk"
[26/76] Be Better Peptides: live=true COA=third-party test RUO(home)=✗ reviews=✗ shipping=tracked contact=contact productRUO=✗ productCOA=✗ sec[pages=3 ship=tracked cont=contact ruo=✗ coa=✗] — " be better peptides "
[27/76] Peptigen Labs: live=true COA=certificate of analys RUO(home)=laboratory research reviews=✗ shipping=tracked contact=contact sec[pages=0 ship=✗ cont=✗ ruo=✗ coa=✗] — "peptigen labs | uk research-grade laboratory supplies | next-day delivery"
[28/76] Premio Peptides: live=true COA=certificate of analys RUO(home)=research use only reviews=✗ shipping=tracked contact=contact sec[pages=4 ship=tracked cont=contact ruo=research use only coa=coa] — "premio peptides | uk research peptide supplier — same-day dispatch, coa included"
[29/76] ThePeptideCode: live=true COA=coa RUO(home)=research use only reviews=trustpilot shipping=tracked contact=contact productRUO=research use only productCOA=certificate of analys sec[pages=4 ship=tracking cont=contact ruo=research use only coa=hplc] — "buy lab-verified research peptides uk | thepeptidecode ltd"
[30/76] Raw Peptides: live=true COA=✗ RUO(home)=research use only reviews=✗ shipping=tracking contact=contact productRUO=research use only productCOA=✗ sec[pages=5 ship=tracking cont=contact ruo=research use only coa=✗] — "high-purity research peptides uk | raw peptides"
[31/76] Nova Peptide: live=true COA=certificate of analys RUO(home)=research use only reviews=✗ shipping=tracked contact=contact productRUO=research use only productCOA=coa sec[pages=1 ship=tracking cont=contact ruo=research use only coa=coa] — "nova peptide | premium research peptides uk — lab-tested &amp; 99% purity guaranteed"
[32/76] Stratford Peptides: live=true COA=certificate of analys RUO(home)=research use only reviews=trustpilot shipping=tracked contact=contact productRUO=✗ productCOA=✗ sec[pages=3 ship=tracked cont=contact ruo=research use only coa=certificate of analys] — " premium research peptides uk supplier | stratford peptides "
[33/76] Peptify UK: live=true COA=certificate of analys RUO(home)=research use only reviews=trustpilot shipping=tracked contact=contact productRUO=research use only productCOA=certificate of analys sec[pages=3 ship=tracked cont=contact ruo=research use only coa=certificate of analys] — "peptify uk — research peptides | 99%+ hplc + coa per batch"
[34/76] Ascend Peptides UK: live=true COA=coa RUO(home)=research use only reviews=trustpilot shipping=tracking contact=contact productRUO=✗ productCOA=✗ sec[pages=4 ship=tracked cont=contact ruo=research use only coa=certificate of analys] — "uk research peptide supplier | ascend peptides uk"
[35/76] Precision Peptides: live=true COA=coa RUO(home)=research use only reviews=✗ shipping=tracked contact=contact productRUO=research use only productCOA=coa sec[pages=1 ship=tracking cont=contact ruo=research use only coa=coa] — "precision peptides | high-purity research peptides uk"
[36/76] Astra Labs: live=true COA=coa RUO(home)=research use only reviews=✗ shipping=tracked contact=contact productRUO=research use only productCOA=coa sec[pages=4 ship=tracking cont=contact ruo=research use only coa=coa] — "research peptides uk | premium lab grade compounds | astra labs"
[37/76] OL Research: live=true COA=hplc RUO(home)=research use only reviews=trustpilot shipping=tracking contact=contact productRUO=research purposes productCOA=✗ sec[pages=5 ship=tracking cont=contact ruo=research purposes coa=third-party test] — "ol research | uk peptide supply bpc-157 tb-500 ghk-cu"
[38/76] Octagon Peptides: live=true COA=coa RUO(home)=research use only reviews=✗ shipping=tracking contact=contact productRUO=research use only productCOA=coa sec[pages=4 ship=tracking cont=contact ruo=research use only coa=coa] — "high-purity research peptides uk | octagon peptides"
[39/76] Polygon Peptides: live=true COA=certificate of analys RUO(home)=research use only reviews=✗ shipping=tracked contact=contact productRUO=research use only productCOA=coa sec[pages=5 ship=tracked cont=contact ruo=research use only coa=certificate of analys] — "home - polygon peptides"
[40/76] Midshire Labs: live=true COA=certificate of analys RUO(home)=research use only reviews=trustpilot shipping=tracked contact=contact productRUO=✗ productCOA=certificate of analys sec[pages=5 ship=tracking cont=contact ruo=research use only coa=coa] — "premium research peptides &amp; supplements | midshire labs"
[41/76] Bio Peptides UK: live=true COA=✗ RUO(home)=research purposes reviews=✗ shipping=dhl contact=✗ sec[pages=1 ship=dhl cont=✗ ruo=research purposes coa=✗] — "coming soon"
[42/76] Chilton Labs: live=false COA=✗ RUO(home)=✗ reviews=✗ shipping=✗ contact=✗
[43/76] Lab77 Peptides: live=true COA=coa RUO(home)=research use only reviews=✗ shipping=tracked contact=contact sec[pages=5 ship=next day cont=contact ruo=research use only coa=hplc] — "lab77 peptides: uk research peptides, own-name verifiable janoshik coa on every batch"
[44/76] Bio Pulse Peptides: live=false COA=✗ RUO(home)=✗ reviews=✗ shipping=✗ contact=✗
[45/76] PeptX: live=true COA=coa RUO(home)=research use only reviews=✗ shipping=tracking contact=✗ productRUO=research use only productCOA=coa sec[pages=2 ship=tracking cont=contact ruo=research use only coa=coa] — "peptx, research peptides direct from factory"
[46/76] Prime Peptides: live=true COA=certificate of analys RUO(home)=research use only reviews=✗ shipping=tracked contact=contact productRUO=laboratory research productCOA=lab report sec[pages=4 ship=tracking cont=contact ruo=research use only coa=certificate of analys] — "buy peptides uk | research peptide supplier"
[47/76] UK Peptide Lab: live=true COA=certificate of analys RUO(home)=research use only reviews=✗ shipping=tracked contact=contact productRUO=research use only productCOA=certificate of analys sec[pages=6 ship=tracking cont=contact ruo=research use only coa=coa] — "buy research peptides uk · lab-tested | uk peptide lab"
[48/76] Alphamino: live=true COA=certificate of analys RUO(home)=research use only reviews=✗ shipping=tracking contact=contact productRUO=✗ productCOA=✗ sec[pages=2 ship=tracking cont=contact ruo=research use only coa=coa] — "research-grade peptides uk | third-party tested | alphamino"
[49/76] FORM Peptides: live=true COA=certificate of analys RUO(home)=research use only reviews=✗ shipping=tracking contact=contact productRUO=✗ productCOA=✗ sec[pages=2 ship=tracked cont=contact ruo=research use only coa=certificate of analys] — "form peptides | uk research peptides, verified ≥98% purity, uk dispatch"
[50/76] Flex Peptides: live=true COA=certificate of analys RUO(home)=research use only reviews=✗ shipping=tracked contact=contact productRUO=research use only productCOA=certificate of analys sec[pages=3 ship=tracking cont=contact ruo=research use only coa=coa] — "buy premium research peptides uk | flex peptides"
[51/76] Crown Peptides: live=true COA=certificate of analys RUO(home)=for research purposes reviews=✗ shipping=tracking contact=contact productRUO=research use only productCOA=coa sec[pages=3 ship=tracking cont=contact ruo=research purposes coa=certificate of analys] — "research peptides | crown peptides"
[52/76] RETA UK: live=true COA=coa RUO(home)=for research purposes reviews=✗ shipping=tracked contact=contact productRUO=✗ productCOA=✗ sec[pages=0 ship=✗ cont=✗ ruo=✗ coa=✗] — "reta uk — premium research peptides"
[53/76] PGNA Labs: live=true COA=certificate of analys RUO(home)=for research purposes reviews=✗ shipping=tracking contact=contact sec[pages=0 ship=✗ cont=✗ ruo=✗ coa=✗] — "pgna labs | buy research peptides uk | next day delivery"
[54/76] Trutide: live=true COA=certificate of analys RUO(home)=research use only reviews=✗ shipping=tracked contact=contact productRUO=research use only productCOA=hplc sec[pages=3 ship=tracked cont=contact ruo=research use only coa=hplc] — "trutide | research peptides uk"
[55/76] Tested Peptides: live=true COA=coa RUO(home)=research use only reviews=✗ shipping=tracking contact=contact productRUO=✗ productCOA=✗ sec[pages=4 ship=tracking cont=contact ruo=research use only coa=coa] — "tested peptides uk | high-purity research peptides – 99% lab-tested"
[56/76] Applied Peptides: live=true COA=janoshik RUO(home)=✗ reviews=✗ shipping=tracking contact=contact sec[pages=2 ship=tracking cont=contact ruo=laboratory use coa=✗] — "applied peptides: quality research peptides in the uk"
[57/76] SupplyPeptides: live=true COA=certificate of analys RUO(home)=research use only reviews=trustpilot shipping=tracked contact=contact productRUO=✗ productCOA=✗ sec[pages=6 ship=tracked cont=contact ruo=research use only coa=coa] — "supplypeptides | research peptides uk — hplc-tested, coa published"
[58/76] PeptidesX: live=true COA=certificate of analys RUO(home)=research use only reviews=✗ shipping=tracked contact=contact productRUO=research use only productCOA=certificate of analys sec[pages=6 ship=tracked cont=contact ruo=research use only coa=certificate of analys] — "research peptides uk | hplc-tested &amp; batch coa | peptidesx"
[59/76] BuyReta: live=true COA=✗ RUO(home)=research use only reviews=✗ shipping=tracking contact=contact productRUO=research use only productCOA=certificate of analys sec[pages=5 ship=tracked cont=contact ruo=research use only coa=✗] — "buyreta | premium research peptides"
[60/76] Peptides Online UK: live=true COA=certificate of analys RUO(home)=research use only reviews=✗ shipping=tracking contact=contact productRUO=research use only productCOA=certificate of analys sec[pages=7 ship=tracking cont=contact ruo=research use only coa=certificate of analys] — "peptides online uk | research peptides for laboratory use"
[61/76] United Peptides: live=true COA=certificate of analys RUO(home)=research use only reviews=✗ shipping=tracked contact=contact sec[pages=3 ship=tracked cont=contact ruo=research use only coa=certificate of analys] — "united peptides | high-purity research peptides uk"
[62/76] PepNOVA: live=true COA=hplc RUO(home)=✗ reviews=✗ shipping=✗ contact=✗ productRUO=✗ productCOA=✗ sec[pages=7 ship=✗ cont=✗ ruo=✗ coa=hplc] — "pepnova | buy research peptides uk — bpc-157, ghk-cu, retatrutide, semaglutide"
[63/76] BioPlex Peptides: live=true COA=certificate of analys RUO(home)=laboratory research reviews=✗ shipping=tracked contact=contact productRUO=✗ productCOA=✗ sec[pages=3 ship=tracked cont=contact ruo=laboratory research coa=certificate of analys] — " research peptides &amp; sarms uk | bioplex peptides &ndash; bioplexpeptides.co.uk "
[64/76] OP Labs: live=true COA=coa RUO(home)=research use only reviews=trustpilot shipping=tracking contact=support productRUO=✗ productCOA=✗ sec[pages=4 ship=tracking cont=contact ruo=research use only coa=coa] — "home - op labs (formerly oxford peptides)"
[65/76] Zentra Peptides UK: live=true COA=certificate of analys RUO(home)=research use only reviews=trustpilot shipping=tracking contact=contact productRUO=research use only productCOA=coa sec[pages=5 ship=tracking cont=contact ruo=for research purposes coa=certificate of analys] — "zentra peptides | buy research peptides uk"
[66/76] APEX Biolabs: live=true COA=coa RUO(home)=research use only reviews=✗ shipping=tracking contact=contact productRUO=✗ productCOA=coa sec[pages=3 ship=tracking cont=contact ruo=research use only coa=coa] — "apex biolabs | premium research peptides uk | third-party tested"
[67/76] Momentum Peptides: live=true COA=✗ RUO(home)=✗ reviews=✗ shipping=✗ contact=✗ sec[pages=7 ship=✗ cont=contact ruo=✗ coa=✗] — "site is undergoing maintenance"
[68/76] PeptideLabUK: live=true COA=certificate of analys RUO(home)=research use only reviews=✗ shipping=tracking contact=contact productRUO=research use only productCOA=coa sec[pages=5 ship=tracking cont=contact ruo=research use only coa=coa] — "uk research peptides | retatrutide research | peptidelabuk"
[69/76] Grey Matter Peptides: live=true COA=coa RUO(home)=research use only reviews=✗ shipping=tracked contact=contact productRUO=✗ productCOA=✗ sec[pages=5 ship=tracking cont=contact ruo=research use only coa=coa] — "grey matter peptides: uk research peptides with a verifiable own-name janoshik coa"
[70/76] BioTide UK: live=true COA=certificate of analys RUO(home)=research use only reviews=✗ shipping=tracked contact=contact productRUO=✗ productCOA=✗ sec[pages=3 ship=tracked cont=contact ruo=research use only coa=coa] — "biotide uk - research grade peptides | uk same day dispatch"
[71/76] Apex Pharma: live=true COA=certificate of analys RUO(home)=research use only reviews=trustpilot shipping=tracking contact=contact productRUO=research use only productCOA=coa sec[pages=3 ship=tracking cont=contact ruo=research use only coa=coa] — "research peptides uk | batch-tested vials &amp; pens | apex pharma"
[72/76] Nupex: live=true COA=coa RUO(home)=research use only reviews=✗ shipping=tracked contact=contact productRUO=✗ productCOA=✗ sec[pages=5 ship=tracked cont=contact ruo=for research purposes coa=coa] — " nupex | uk’s trusted source for research peptides &amp; capsules "
[73/76] MyPep Biotech: live=true COA=certificate of analys RUO(home)=research use only reviews=✗ shipping=tracked contact=contact productRUO=research use only productCOA=certificate of analys sec[pages=5 ship=tracked cont=contact ruo=research use only coa=certificate of analys] — "buy research peptides uk | 99% pure | mypep biotech"
[74/76] LeoLab Peptides UK: live=true COA=hplc RUO(home)=for research purposes reviews=✗ shipping=tracking contact=contact sec[pages=3 ship=tracking cont=contact ruo=for research purposes coa=hplc] — "leolab™ peptides uk | buy uk peptides | 99% purity"
[75/76] SPX Labs: live=true COA=coa RUO(home)=research use only reviews=✗ shipping=tracking contact=contact productRUO=research use only productCOA=certificate of analys sec[pages=5 ship=tracked cont=contact ruo=research use only coa=coa] — "peptides uk | research peptides &amp; compounds | spx labs"
[76/76] HelixCore: live=true COA=certificate of analys RUO(home)=research use only reviews=✗ shipping=tracked contact=contact productRUO=research use only productCOA=certificate of analys sec[pages=4 ship=tracked cont=contact ruo=research use only coa=✗] — "helixcore peptides | uk-stocked research peptides"

Wrote raw cache → /Users/time4you/viralpeps/src/data/trustscore-autocheck.json
Folded _autoChecks → /Users/time4you/viralpeps/src/data/vendors.json
AUTOCHECK EXIT 0
